pk.h:170:36:mbedtls_pk_ec	16	static
pk.h:288:22:mbedtls_pk_get_len	16	static
ssl_ciphersuites.h:440:19:mbedtls_ssl_ciphersuite_no_pfs	16	static
ssl_ciphersuites.h:458:19:mbedtls_ssl_ciphersuite_uses_ecdh	16	static
ssl_ciphersuites.h:490:19:mbedtls_ssl_ciphersuite_uses_dhe	16	static
ssl_ciphersuites.h:505:19:mbedtls_ssl_ciphersuite_uses_ecdhe	16	static
ssl_ciphersuites.h:521:19:mbedtls_ssl_ciphersuite_uses_server_signature	16	static
ssl_internal.h:662:35:mbedtls_ssl_own_key	24	static
ssl_internal.h:674:33:mbedtls_ssl_own_cert	24	static
ssl_internal.h:706:22:mbedtls_ssl_hdr_len	16	static
ssl_internal.h:717:22:mbedtls_ssl_hs_hdr_len	16	static
ssl_internal.h:742:19:mbedtls_ssl_safer_memcmp	40	static
ssl_srv.c:54:5:mbedtls_ssl_set_client_transport_id	24	static
ssl_srv.c:72:6:mbedtls_ssl_conf_dtls_cookies	24	static
ssl_srv.c:84:12:ssl_parse_servername_ext	48	static
ssl_srv.c:152:12:ssl_parse_renegotiation_info	24	static
ssl_srv.c:203:12:ssl_parse_signature_algorithms_ext	40	static
ssl_srv.c:281:12:ssl_parse_supported_elliptic_curves	48	static
ssl_srv.c:347:12:ssl_parse_supported_point_formats	32	static
ssl_srv.c:437:12:ssl_parse_truncated_hmac_ext	24	static
ssl_srv.c:459:12:ssl_parse_encrypt_then_mac_ext	24	static
ssl_srv.c:484:12:ssl_parse_extended_ms_ext	24	static
ssl_srv.c:509:12:ssl_parse_session_ticket_ext	168	static
ssl_srv.c:583:12:ssl_parse_alpn_ext	56	static
ssl_srv.c:679:12:ssl_check_key_curve	24	static
ssl_srv.c:700:12:ssl_pick_cert	40	static
ssl_srv.c:803:12:ssl_ciphersuite_match	32	static
ssl_srv.c:1184:12:ssl_parse_client_hello	152	static
ssl_srv.c:2039:13:ssl_write_truncated_hmac_ext	32	static
ssl_srv.c:2064:13:ssl_write_encrypt_then_mac_ext	40	static
ssl_srv.c:2107:13:ssl_write_extended_ms_ext	32	static
ssl_srv.c:2134:13:ssl_write_session_ticket_ext	32	static
ssl_srv.c:2158:13:ssl_write_renegotiation_ext	32	static
ssl_srv.c:2227:13:ssl_write_supported_point_formats_ext	32	static
ssl_srv.c:2301:13:ssl_write_alpn_ext	24	static
ssl_srv.c:2337:12:ssl_write_hello_verify_request	48	static
ssl_srv.c:2408:12:ssl_write_server_hello	64	static
ssl_srv.c:2671:12:ssl_write_certificate_request	72	static
ssl_srv.c:2846:12:ssl_get_ecdh_params_from_cert	32	static
ssl_srv.c:2898:12:ssl_prepare_server_key_exchange	168	static
ssl_srv.c:3262:12:ssl_write_server_key_exchange	40	static
ssl_srv.c:3359:12:ssl_write_server_hello_done	24	static
ssl_srv.c:3398:12:ssl_parse_client_dh_public	32	static
ssl_srv.c:3458:12:ssl_decrypt_encrypted_pms	56	static
ssl_srv.c:3549:12:ssl_parse_encrypted_pms	152	static
ssl_srv.c:3646:12:ssl_parse_client_psk_identity	40	static
ssl_srv.c:3708:12:ssl_parse_client_key_exchange	48	static
ssl_srv.c:4016:12:ssl_parse_certificate_verify	104	static
ssl_srv.c:4189:12:ssl_write_new_session_ticket	48	static
ssl_srv.c:4252:5:mbedtls_ssl_handshake_server_step	24	static
