main.c:137:5:main	56	static
main.c:242:6:SystemClock_Config	216	static
main.c:324:13:MX_ADC3_Init	24	static
main.c:374:13:MX_CRC_Init	8	static
main.c:405:13:MX_DCMI_Init	8	static
main.c:442:13:MX_DMA2D_Init	8	static
main.c:479:13:MX_I2C1_Init	8	static
main.c:525:13:MX_I2C3_Init	8	static
main.c:571:13:MX_LTDC_Init	64	static
main.c:633:13:MX_QUADSPI_Init	8	static
main.c:668:13:MX_RTC_Init	80	static
main.c:761:13:MX_SAI2_Init	8	static
main.c:836:13:MX_SDMMC1_SD_Init	4	static
main.c:864:13:MX_SPDIFRX_Init	8	static
main.c:900:13:MX_SPI2_Init	8	static
main.c:940:13:MX_TIM1_Init	112	static
main.c:1020:13:MX_TIM2_Init	64	static
main.c:1079:13:MX_TIM3_Init	64	static
main.c:1138:13:MX_TIM5_Init	64	static
main.c:1197:13:MX_TIM8_Init	40	static
main.c:1244:13:MX_TIM12_Init	40	static
main.c:1286:13:MX_USART1_UART_Init	8	static
main.c:1321:13:MX_USART6_UART_Init	8	static
main.c:1352:13:MX_FMC_Init	40	static
main.c:1403:13:MX_GPIO_Init	72	static
main.c:1568:6:StartDefaultTask	16	static
main.c:1590:6:tcpip_thread	16	static
main.c:1609:6:HAL_TIM_PeriodElapsedCallback	16	static
main.c:1626:6:Error_Handler	4	static
