stm32f7xx_hal_msp.c:66:6:HAL_MspInit	16	static
stm32f7xx_hal_msp.c:90:6:HAL_ADC_MspInit	48	static
stm32f7xx_hal_msp.c:135:6:HAL_ADC_MspDeInit	16	static
stm32f7xx_hal_msp.c:171:6:HAL_CRC_MspInit	24	static
stm32f7xx_hal_msp.c:193:6:HAL_CRC_MspDeInit	16	static
stm32f7xx_hal_msp.c:215:6:HAL_DCMI_MspInit	64	static
stm32f7xx_hal_msp.c:293:6:HAL_DCMI_MspDeInit	16	static
stm32f7xx_hal_msp.c:340:6:HAL_DMA2D_MspInit	24	static
stm32f7xx_hal_msp.c:365:6:HAL_DMA2D_MspDeInit	16	static
stm32f7xx_hal_msp.c:390:6:HAL_I2C_MspInit	56	static
stm32f7xx_hal_msp.c:450:6:HAL_I2C_MspDeInit	16	static
stm32f7xx_hal_msp.c:497:6:HAL_LTDC_MspInit	64	static
stm32f7xx_hal_msp.c:598:6:HAL_LTDC_MspDeInit	16	static
stm32f7xx_hal_msp.c:667:6:HAL_QSPI_MspInit	56	static
stm32f7xx_hal_msp.c:730:6:HAL_QSPI_MspDeInit	16	static
stm32f7xx_hal_msp.c:767:6:HAL_RTC_MspInit	16	static
stm32f7xx_hal_msp.c:789:6:HAL_RTC_MspDeInit	16	static
stm32f7xx_hal_msp.c:811:6:HAL_SD_MspInit	48	static
stm32f7xx_hal_msp.c:860:6:HAL_SD_MspDeInit	16	static
stm32f7xx_hal_msp.c:896:6:HAL_SPDIFRX_MspInit	48	static
stm32f7xx_hal_msp.c:931:6:HAL_SPDIFRX_MspDeInit	16	static
stm32f7xx_hal_msp.c:959:6:HAL_SPI_MspInit	48	static
stm32f7xx_hal_msp.c:1004:6:HAL_SPI_MspDeInit	16	static
stm32f7xx_hal_msp.c:1036:6:HAL_TIM_Base_MspInit	40	static
stm32f7xx_hal_msp.c:1102:6:HAL_TIM_PWM_MspInit	24	static
stm32f7xx_hal_msp.c:1118:6:HAL_TIM_MspPostInit	56	static
stm32f7xx_hal_msp.c:1233:6:HAL_TIM_Base_MspDeInit	16	static
stm32f7xx_hal_msp.c:1299:6:HAL_TIM_PWM_MspDeInit	16	static
stm32f7xx_hal_msp.c:1321:6:HAL_UART_MspInit	56	static
stm32f7xx_hal_msp.c:1389:6:HAL_UART_MspDeInit	16	static
stm32f7xx_hal_msp.c:1434:13:HAL_FMC_MspInit	32	static
stm32f7xx_hal_msp.c:1540:6:HAL_SDRAM_MspInit	16	static
stm32f7xx_hal_msp.c:1552:13:HAL_FMC_MspDeInit	8	static
stm32f7xx_hal_msp.c:1626:6:HAL_SDRAM_MspDeInit	16	static
stm32f7xx_hal_msp.c:1638:6:HAL_SAI_MspInit	48	static
stm32f7xx_hal_msp.c:1688:6:HAL_SAI_MspDeInit	16	static
